// Vitest Snapshot v1, https://vitest.dev/guide/snapshot.html

exports[`tests for IndexPage > should find indexPageMainText data-testid 1`] = `
DOMWrapper {
  "isDisabled": [Function],
  "wrapperElement": <p
    class="text-h5 text-bold"
    data-testid="indexPageMainText"
  >
    Good day
  </p>,
}
`;

exports[`tests for IndexPage > should find indexPageSubText data-testid 1`] = `
DOMWrapper {
  "isDisabled": [Function],
  "wrapperElement": <span
    class="text-body1"
    data-testid="indexPageSubText"
  >
     Your plants are so glad you are here.
  </span>,
}
`;
